C:\ST\STM32CubeIDE_2.1.0\STM32CubeIDE\plugins\com.st.stm32cube.ide.mcu.externaltools.gnu-tools-for-stm32.14.3.rel1.win32_1.0.100.202602081740\tools\arm-none-eabi\include\c++\14.3.1\arm-none-eabi\thumb\v7e-m+fp\hard\bits\gthr-default.h:229:1:int __gthread_key_delete(__gthread_key_t)	16	static
../tflite-model/tflite_learn_1085473_8_compiled.cpp:272:13:void {anonymous}::init_tflite_tensor(size_t, TfLiteTensor*)	24	static
../tflite-model/tflite_learn_1085473_8_compiled.cpp:300:13:void {anonymous}::init_tflite_eval_tensor(int, TfLiteEvalTensor*)	24	static
../tflite-model/tflite_learn_1085473_8_compiled.cpp:323:15:void* {anonymous}::AllocatePersistentBufferImpl(TfLiteContext*, size_t)	24	static
../tflite-model/tflite_learn_1085473_8_compiled.cpp:366:21:TfLiteStatus {anonymous}::RequestScratchBufferInArenaImpl(TfLiteContext*, size_t, int*)	32	static
../tflite-model/tflite_learn_1085473_8_compiled.cpp:392:14:void* {anonymous}::GetScratchBufferImpl(TfLiteContext*, int)	16	static
../tflite-model/tflite_learn_1085473_8_compiled.cpp:401:13:void {anonymous}::ResetTensors()	16	static
../tflite-model/tflite_learn_1085473_8_compiled.cpp:410:22:TfLiteTensor* {anonymous}::GetTensorImpl(const TfLiteContext*, int)	24	static
../tflite-model/tflite_learn_1085473_8_compiled.cpp:433:26:TfLiteEvalTensor* {anonymous}::GetEvalTensorImpl(const TfLiteContext*, int)	24	static
../tflite-model/tflite_learn_1085473_8_compiled.cpp:459:3:{anonymous}::EonMicroContext::EonMicroContext()	16	static
../tflite-model/tflite_learn_1085473_8_compiled.cpp:461:9:virtual void* {anonymous}::EonMicroContext::AllocatePersistentBuffer(size_t)	16	static
../tflite-model/tflite_learn_1085473_8_compiled.cpp:465:16:virtual TfLiteStatus {anonymous}::EonMicroContext::RequestScratchBufferInArena(size_t, int*)	24	static
../tflite-model/tflite_learn_1085473_8_compiled.cpp:470:9:virtual void* {anonymous}::EonMicroContext::GetScratchBuffer(int)	16	static
../tflite-model/tflite_learn_1085473_8_compiled.cpp:474:17:virtual TfLiteTensor* {anonymous}::EonMicroContext::AllocateTempTfLiteTensor(int)	16	static
../tflite-model/tflite_learn_1085473_8_compiled.cpp:478:8:virtual void {anonymous}::EonMicroContext::DeallocateTempTfLiteTensor(TfLiteTensor*)	16	static
../tflite-model/tflite_learn_1085473_8_compiled.cpp:486:21:virtual TfLiteEvalTensor* {anonymous}::EonMicroContext::GetEvalTensor(int)	16	static
../tflite-model/tflite_learn_1085473_8_compiled.cpp:456:7:{anonymous}::EonMicroContext::~EonMicroContext()	16	static
../tflite-model/tflite_learn_1085473_8_compiled.cpp:456:7:virtual {anonymous}::EonMicroContext::~EonMicroContext()	16	static
../tflite-model/tflite_learn_1085473_8_compiled.cpp:495:14:TfLiteStatus tflite_learn_1085473_8_init(void* (*)(size_t, size_t))	184	static
../tflite-model/tflite_learn_1085473_8_compiled.cpp:567:14:TfLiteStatus tflite_learn_1085473_8_input(int, TfLiteTensor*)	16	static
../tflite-model/tflite_learn_1085473_8_compiled.cpp:572:14:TfLiteStatus tflite_learn_1085473_8_output(int, TfLiteTensor*)	16	static
../tflite-model/tflite_learn_1085473_8_compiled.cpp:577:14:TfLiteStatus tflite_learn_1085473_8_invoke()	24	static
../tflite-model/tflite_learn_1085473_8_compiled.cpp:649:14:TfLiteStatus tflite_learn_1085473_8_reset(void (*)(void*))	24	static
../tflite-model/tflite_learn_1085473_8_compiled.cpp:663:1:void __static_initialization_and_destruction_0()	4	static
../tflite-model/tflite_learn_1085473_8_compiled.cpp:663:1:cpp)	8	static
